{
  "exclude": {
    "files": null,
    "lines": null
  },
  "generated_at": "2026-03-05T04:08:29Z",
  "plugins_used": [
    {
      "name": "AWSKeyDetector"
    },
    {
      "name": "ArtifactoryDetector"
    },
    {
      "name": "AzureStorageKeyDetector"
    },
    {
      "base64_limit": 4.5,
      "name": "Base64HighEntropyString"
    },
    {
      "name": "BasicAuthDetector"
    },
    {
      "name": "BoxDetector"
    },
    {
      "name": "CloudantDetector"
    },
    {
      "ghe_instance": "github.ibm.com",
      "name": "GheDetector"
    },
    {
      "name": "GitHubTokenDetector"
    },
    {
      "hex_limit": 3,
      "name": "HexHighEntropyString"
    },
    {
      "name": "IbmCloudIamDetector"
    },
    {
      "name": "IbmCosHmacDetector"
    },
    {
      "name": "JwtTokenDetector"
    },
    {
      "keyword_exclude": null,
      "name": "KeywordDetector"
    },
    {
      "name": "MailchimpDetector"
    },
    {
      "name": "NpmDetector"
    },
    {
      "name": "PrivateKeyDetector"
    },
    {
      "name": "SlackDetector"
    },
    {
      "name": "SoftlayerDetector"
    },
    {
      "name": "SquareOAuthDetector"
    },
    {
      "name": "StripeDetector"
    },
    {
      "name": "TwilioKeyDetector"
    }
  ],
  "results": {
    ".env.template": [
      {
        "hashed_secret": "d08f88df745fa7950b104e4a707a31cfce7b5841",
        "is_verified": false,
        "line_number": 21,
        "type": "Secret Keyword",
        "verified_result": null
      }
    ],
    "apps/api-gateway/.env.template": [
      {
        "hashed_secret": "d08f88df745fa7950b104e4a707a31cfce7b5841",
        "is_verified": false,
        "line_number": 29,
        "type": "Secret Keyword",
        "verified_result": null
      }
    ],
    "apps/api-gateway/src/api/api.service.ts": [
      {
        "hashed_secret": "bb27330ad8e4418fd1545f76c797f9e495ced3f1",
        "is_verified": false,
        "line_number": 118,
        "type": "Secret Keyword",
        "verified_result": null
      },
      {
        "hashed_secret": "5df614d5ca1ea5b297766ca8fc7825aae5b71cb2",
        "is_verified": false,
        "line_number": 119,
        "type": "Secret Keyword",
        "verified_result": null
      }
    ],
    "apps/api-gateway/src/auth/auth.module.spec.ts": [
      {
        "hashed_secret": "fe1bae27cb7c1fb823f496f286e78f1d2ae87734",
        "is_verified": false,
        "line_number": 13,
        "type": "Secret Keyword",
        "verified_result": null
      }
    ],
    "apps/api-gateway/src/auth/jwt/bearer-token-based/jwt.bearer.token.strategy.spec.ts": [
      {
        "hashed_secret": "fe1bae27cb7c1fb823f496f286e78f1d2ae87734",
        "is_verified": false,
        "line_number": 12,
        "type": "Secret Keyword",
        "verified_result": null
      }
    ],
    "apps/api-gateway/src/auth/jwt/cookie-based/jwt.cookie.strategy.spec.ts": [
      {
        "hashed_secret": "fe1bae27cb7c1fb823f496f286e78f1d2ae87734",
        "is_verified": false,
        "line_number": 12,
        "type": "Secret Keyword",
        "verified_result": null
      }
    ],
    "apps/api-gateway/src/auth/jwt/jwt.config.service.spec.ts": [
      {
        "hashed_secret": "1456609a9da636acfc228e21d9cd3c006ded9327",
        "is_verified": false,
        "line_number": 8,
        "type": "Secret Keyword",
        "verified_result": null
      },
      {
        "hashed_secret": "d4e0e04792fd434b5dc9c4155c178f66edcf4ed3",
        "is_verified": false,
        "line_number": 9,
        "type": "Secret Keyword",
        "verified_result": null
      },
      {
        "hashed_secret": "9d489f29456a11d242b14196d3b08287513a4c27",
        "is_verified": false,
        "line_number": 15,
        "type": "Secret Keyword",
        "verified_result": null
      },
      {
        "hashed_secret": "6303c901093123ff7019188dcd12b2e18d4d9827",
        "is_verified": false,
        "line_number": 46,
        "type": "Secret Keyword",
        "verified_result": null
      },
      {
        "hashed_secret": "73ab28ab55fd818147e2674c79d1ae47fc743a0a",
        "is_verified": false,
        "line_number": 53,
        "type": "Secret Keyword",
        "verified_result": null
      },
      {
        "hashed_secret": "397576aee09c7875a22a1f6ed6d13ac1b6a59814",
        "is_verified": false,
        "line_number": 60,
        "type": "Secret Keyword",
        "verified_result": null
      }
    ],
    "apps/api-gateway/src/messaging/messaging.service.spec.ts": [
      {
        "hashed_secret": "789cbe0407840b1c2041cb33452ff60f19bf58cc",
        "is_verified": false,
        "line_number": 37,
        "type": "Secret Keyword",
        "verified_result": null
      }
    ],
    "apps/api/.env.template": [
      {
        "hashed_secret": "d08f88df745fa7950b104e4a707a31cfce7b5841",
        "is_verified": false,
        "line_number": 30,
        "type": "Secret Keyword",
        "verified_result": null
      }
    ],
    "apps/api/docs/LLM_ARCHITECTURE.md": [
      {
        "hashed_secret": "ec3810e10fb78db55ce38b9c18d1c3eb1db739e0",
        "is_verified": false,
        "line_number": 351,
        "type": "Secret Keyword",
        "verified_result": null
      }
    ],
    "apps/api/docs/LLM_DEVELOPER_GUIDE.md": [
      {
        "hashed_secret": "ae73efcbd9318d1bb83ba4d33ed6ea49269065d7",
        "is_verified": false,
        "line_number": 68,
        "type": "Secret Keyword",
        "verified_result": null
      },
      {
        "hashed_secret": "5bfdb31e6eeb23b5f8dccada86645912b9b633e1",
        "is_verified": false,
        "line_number": 359,
        "type": "Secret Keyword",
        "verified_result": null
      }
    ],
    "apps/api/src/api/admin/admin.controller.spec.ts": [
      {
        "hashed_secret": "9d4e1e23bd5b727046a9e3b4b7db57bd8d6ee684",
        "is_verified": false,
        "line_number": 16,
        "type": "Basic Auth Credentials",
        "verified_result": null
      }
    ],
    "apps/api/src/api/admin/admin.service.spec.ts": [
      {
        "hashed_secret": "9d4e1e23bd5b727046a9e3b4b7db57bd8d6ee684",
        "is_verified": false,
        "line_number": 13,
        "type": "Basic Auth Credentials",
        "verified_result": null
      }
    ],
    "apps/api/src/api/attempt/services/file-content-extraction.ts": [
      {
        "hashed_secret": "2c0580ffd7d80319531cf629f5e90f747b1386f1",
        "is_verified": false,
        "line_number": 2765,
        "type": "Secret Keyword",
        "verified_result": null
      }
    ],
    "apps/api/src/api/github/github.service.ts": [
      {
        "hashed_secret": "7ea6be9eecb6605329a1b1870c2fd2af9b896991",
        "is_verified": false,
        "line_number": 55,
        "type": "Secret Keyword",
        "verified_result": null
      }
    ],
    "apps/api/src/api/llm/core/services/gpt-oss-120b-llm-service.ts": [
      {
        "hashed_secret": "95a126ffa6a86610f8946dc662d6ea060bc50ad2",
        "is_verified": false,
        "line_number": 35,
        "type": "Secret Keyword",
        "verified_result": null
      }
    ],
    "apps/api/src/api/llm/core/services/granite-4-h-small-llm-service.ts": [
      {
        "hashed_secret": "95a126ffa6a86610f8946dc662d6ea060bc50ad2",
        "is_verified": false,
        "line_number": 37,
        "type": "Secret Keyword",
        "verified_result": null
      }
    ],
    "apps/api/src/api/llm/core/services/granite-vision-3-2-2b-llm-service.ts": [
      {
        "hashed_secret": "95a126ffa6a86610f8946dc662d6ea060bc50ad2",
        "is_verified": false,
        "line_number": 37,
        "type": "Secret Keyword",
        "verified_result": null
      }
    ],
    "apps/api/src/api/llm/core/services/llama-3-3-70b-instruct-llm-service.ts": [
      {
        "hashed_secret": "95a126ffa6a86610f8946dc662d6ea060bc50ad2",
        "is_verified": false,
        "line_number": 37,
        "type": "Secret Keyword",
        "verified_result": null
      }
    ],
    "apps/api/src/api/llm/core/services/llama-4-maverick-llm-service.ts": [
      {
        "hashed_secret": "95a126ffa6a86610f8946dc662d6ea060bc50ad2",
        "is_verified": false,
        "line_number": 38,
        "type": "Secret Keyword",
        "verified_result": null
      }
    ],
    "apps/api/src/api/llm/core/services/mistral-medium-2505-llm-service.ts": [
      {
        "hashed_secret": "95a126ffa6a86610f8946dc662d6ea060bc50ad2",
        "is_verified": false,
        "line_number": 35,
        "type": "Secret Keyword",
        "verified_result": null
      }
    ],
    "apps/api/src/api/report/services/flo.service.ts": [
      {
        "hashed_secret": "035576b41cbaa44c5a58b0e7e3e8df19c5226a3f",
        "is_verified": false,
        "line_number": 39,
        "type": "Secret Keyword",
        "verified_result": null
      }
    ],
    "apps/api/src/auth/services/admin-email.service.ts": [
      {
        "hashed_secret": "0745833f7b44bb251e684ed54daa7f30db4a61ff",
        "is_verified": false,
        "line_number": 17,
        "type": "Secret Keyword",
        "verified_result": null
      },
      {
        "hashed_secret": "71011165e6f4116d3943a7b5ef8446c02f10ea7f",
        "is_verified": false,
        "line_number": 23,
        "type": "Secret Keyword",
        "verified_result": null
      },
      {
        "hashed_secret": "da32b2dd835ec07a74fb098cb9e617bbfac01eff",
        "is_verified": false,
        "line_number": 48,
        "type": "Secret Keyword",
        "verified_result": null
      },
      {
        "hashed_secret": "de493e0c6963b221bcc6f77606d52602cc46f1f0",
        "is_verified": false,
        "line_number": 51,
        "type": "Secret Keyword",
        "verified_result": null
      },
      {
        "hashed_secret": "6947818ac409551f11fbaa78f0ea6391960aa5b8",
        "is_verified": false,
        "line_number": 96,
        "type": "Secret Keyword",
        "verified_result": null
      }
    ],
    "apps/api/src/database/database.module.spec.ts": [
      {
        "hashed_secret": "9d4e1e23bd5b727046a9e3b4b7db57bd8d6ee684",
        "is_verified": false,
        "line_number": 9,
        "type": "Basic Auth Credentials",
        "verified_result": null
      }
    ],
    "apps/api/src/database/prisma.service.spec.ts": [
      {
        "hashed_secret": "9d4e1e23bd5b727046a9e3b4b7db57bd8d6ee684",
        "is_verified": false,
        "line_number": 8,
        "type": "Basic Auth Credentials",
        "verified_result": null
      }
    ],
    "apps/api/src/health/health.controller.spec.ts": [
      {
        "hashed_secret": "9d4e1e23bd5b727046a9e3b4b7db57bd8d6ee684",
        "is_verified": false,
        "line_number": 15,
        "type": "Basic Auth Credentials",
        "verified_result": null
      }
    ],
    "apps/api/src/health/health.service.spec.ts": [
      {
        "hashed_secret": "9d4e1e23bd5b727046a9e3b4b7db57bd8d6ee684",
        "is_verified": false,
        "line_number": 14,
        "type": "Basic Auth Credentials",
        "verified_result": null
      }
    ],
    "apps/web/.env.template": [
      {
        "hashed_secret": "d08f88df745fa7950b104e4a707a31cfce7b5841",
        "is_verified": false,
        "line_number": 5,
        "type": "Secret Keyword",
        "verified_result": null
      }
    ],
    "apps/web/app/Helpers/__tests__/actual-api-format.test.ts": [
      {
        "hashed_secret": "1eb9369bcdb20f6c88138c9427f009b6afe19c7c",
        "is_verified": false,
        "line_number": 22,
        "type": "Base64 High Entropy String",
        "verified_result": null
      },
      {
        "hashed_secret": "655dc5abb6b0ee511e4676b0739bb2077937014a",
        "is_verified": false,
        "line_number": 22,
        "type": "Base64 High Entropy String",
        "verified_result": null
      },
      {
        "hashed_secret": "6eff76dbb551ea7769517f3a7188862f85a7354e",
        "is_verified": false,
        "line_number": 79,
        "type": "Base64 High Entropy String",
        "verified_result": null
      },
      {
        "hashed_secret": "4f043b03a11e8b760986f07490ee76f48c6c7342",
        "is_verified": false,
        "line_number": 81,
        "type": "Base64 High Entropy String",
        "verified_result": null
      },
      {
        "hashed_secret": "618eb19f52dfe817f292f54554346cad3e3a88b3",
        "is_verified": false,
        "line_number": 81,
        "type": "Base64 High Entropy String",
        "verified_result": null
      }
    ],
    "apps/web/app/Helpers/__tests__/choice-feedback-decoding.test.ts": [
      {
        "hashed_secret": "6eff76dbb551ea7769517f3a7188862f85a7354e",
        "is_verified": false,
        "line_number": 234,
        "type": "Base64 High Entropy String",
        "verified_result": null
      }
    ],
    "apps/web/app/Helpers/data-transformer.edge-cases.test.ts": [
      {
        "hashed_secret": "9716c4510d038dc8f853fc40dc96f8a2a87bb51c",
        "is_verified": false,
        "line_number": 162,
        "type": "Base64 High Entropy String",
        "verified_result": null
      },
      {
        "hashed_secret": "4f043b03a11e8b760986f07490ee76f48c6c7342",
        "is_verified": false,
        "line_number": 165,
        "type": "Base64 High Entropy String",
        "verified_result": null
      },
      {
        "hashed_secret": "9aa7cde469abc42954177388692fa3c14663338d",
        "is_verified": false,
        "line_number": 166,
        "type": "Base64 High Entropy String",
        "verified_result": null
      }
    ],
    "apps/web/app/Helpers/data-transformer.realworld.test.ts": [
      {
        "hashed_secret": "c5b49f145071d1dfaa7b852fbac2cc2d452c033d",
        "is_verified": false,
        "line_number": 15,
        "type": "Base64 High Entropy String",
        "verified_result": null
      },
      {
        "hashed_secret": "565d3a24396607e26491162b13a69050b37c7be7",
        "is_verified": false,
        "line_number": 17,
        "type": "Base64 High Entropy String",
        "verified_result": null
      },
      {
        "hashed_secret": "9690ab4554c9150bb66f9019049b7ed18998d6ab",
        "is_verified": false,
        "line_number": 22,
        "type": "Base64 High Entropy String",
        "verified_result": null
      },
      {
        "hashed_secret": "4f043b03a11e8b760986f07490ee76f48c6c7342",
        "is_verified": false,
        "line_number": 25,
        "type": "Base64 High Entropy String",
        "verified_result": null
      },
      {
        "hashed_secret": "9aa7cde469abc42954177388692fa3c14663338d",
        "is_verified": false,
        "line_number": 26,
        "type": "Base64 High Entropy String",
        "verified_result": null
      },
      {
        "hashed_secret": "b7e41a1408b0de53b6a18b0383983df52151bffd",
        "is_verified": false,
        "line_number": 57,
        "type": "Base64 High Entropy String",
        "verified_result": null
      },
      {
        "hashed_secret": "7f8a4c8efb7a9d741a4131e6382406d04920a55c",
        "is_verified": false,
        "line_number": 72,
        "type": "Base64 High Entropy String",
        "verified_result": null
      },
      {
        "hashed_secret": "ef584f952dbcdb807b1f2a5b688a6b2ac7beaf76",
        "is_verified": false,
        "line_number": 155,
        "type": "Base64 High Entropy String",
        "verified_result": null
      },
      {
        "hashed_secret": "fca9f0a000cc0d99a6b89eff22b280d43b3dc23a",
        "is_verified": false,
        "line_number": 164,
        "type": "Base64 High Entropy String",
        "verified_result": null
      },
      {
        "hashed_secret": "ad5a4eb98aace66b683002aa7038bb800f8b0a65",
        "is_verified": false,
        "line_number": 170,
        "type": "Base64 High Entropy String",
        "verified_result": null
      },
      {
        "hashed_secret": "28681ff8a70bc722645c0ebe5c21fbd8a2ee904a",
        "is_verified": false,
        "line_number": 179,
        "type": "Base64 High Entropy String",
        "verified_result": null
      },
      {
        "hashed_secret": "dd65cdacb216bbeca512abfb1ecd15d1c53ac7bd",
        "is_verified": false,
        "line_number": 427,
        "type": "Base64 High Entropy String",
        "verified_result": null
      }
    ],
    "apps/web/app/api/markChat/services/reportingService.ts": [
      {
        "hashed_secret": "d3ecb0d890368d7659ee54010045b835dacb8efe",
        "is_verified": false,
        "line_number": 60,
        "type": "Secret Keyword",
        "verified_result": null
      }
    ],
    "apps/web/app/api/transcribe/route.ts": [
      {
        "hashed_secret": "60634a9040f4a588cd5ec80391507a208c79cf00",
        "is_verified": false,
        "line_number": 6,
        "type": "Secret Keyword",
        "verified_result": null
      }
    ],
    "apps/web/app/chatbot/components/MarkChat.tsx": [
      {
        "hashed_secret": "d3ecb0d890368d7659ee54010045b835dacb8efe",
        "is_verified": false,
        "line_number": 2186,
        "type": "Secret Keyword",
        "verified_result": null
      }
    ],
    "apps/web/app/layout.tsx": [
      {
        "hashed_secret": "d7ca4b093fc5dd3817b4846e4d57734b08eefa9d",
        "is_verified": false,
        "line_number": 11,
        "type": "Base64 High Entropy String",
        "verified_result": null
      }
    ],
    "apps/web/app/learner/(components)/Question/FileCodeUploadSection.tsx": [
      {
        "hashed_secret": "cfb93ca9f329289d5f23de2b0e065103b81a374c",
        "is_verified": false,
        "line_number": 114,
        "type": "Secret Keyword",
        "verified_result": null
      }
    ],
    "apps/web/app/learner/(components)/Question/FileUploadSection.tsx": [
      {
        "hashed_secret": "cfb93ca9f329289d5f23de2b0e065103b81a374c",
        "is_verified": false,
        "line_number": 134,
        "type": "Secret Keyword",
        "verified_result": null
      }
    ],
    "apps/web/app/learner/(components)/Question/GithubUploadModal.tsx": [
      {
        "hashed_secret": "f0c5bc5473fd2f959bdac630e625aa33346fd12a",
        "is_verified": false,
        "line_number": 162,
        "type": "Secret Keyword",
        "verified_result": null
      },
      {
        "hashed_secret": "ee977806d7286510da8b9a7492ba58e2484c0ecc",
        "is_verified": false,
        "line_number": 177,
        "type": "Secret Keyword",
        "verified_result": null
      }
    ],
    "apps/web/app/learner/[assignmentId]/successPage/Question.tsx": [
      {
        "hashed_secret": "e1166e6dd837019ab04f130ab34c425e04161645",
        "is_verified": false,
        "line_number": 407,
        "type": "Secret Keyword",
        "verified_result": null
      },
      {
        "hashed_secret": "f0c5bc5473fd2f959bdac630e625aa33346fd12a",
        "is_verified": false,
        "line_number": 454,
        "type": "Secret Keyword",
        "verified_result": null
      },
      {
        "hashed_secret": "29080f1c58f9859ddaa6aeda7d2c410c12e222dc",
        "is_verified": false,
        "line_number": 486,
        "type": "Secret Keyword",
        "verified_result": null
      }
    ],
    "apps/web/public/ffmpeg-core/ffmpeg-core.js": [
      {
        "hashed_secret": "b4e44716dbbf57be3dae2f819d96795a85d06652",
        "is_verified": false,
        "line_number": 410,
        "type": "Secret Keyword",
        "verified_result": null
      }
    ],
    "docs/CONTRIBUTING.md": [
      {
        "hashed_secret": "5baa61e4c9b93f3f0682250b6cf8331b7ee68fd8",
        "is_verified": false,
        "line_number": 138,
        "type": "Basic Auth Credentials",
        "verified_result": null
      }
    ],
    "scripts/validate-env.sh": [
      {
        "hashed_secret": "8da52328e314a37358f9758f38d5bb0e8687b6ab",
        "is_verified": false,
        "line_number": 74,
        "type": "Secret Keyword",
        "verified_result": null
      }
    ]
  },
  "version": "0.13.1+ibm.64.dss",
  "word_list": {
    "file": null,
    "hash": null
  }
}
